// Jest Snapshot v1, https://goo.gl/fbAQLP

exports[`should match snapshot 1`] = `
<DocumentFragment>
  <div
    class="App"
  >
    <header
      class="MuiPaper-root MuiPaper-elevation MuiPaper-elevation4 MuiAppBar-root MuiAppBar-colorPrimary MuiAppBar-positionStatic css-hip9hq-MuiPaper-root-MuiAppBar-root"
    >
      <div
        class="MuiContainer-root MuiContainer-maxWidthXl css-19r6kue-MuiContainer-root"
      >
        <div
          class="MuiToolbar-root MuiToolbar-regular css-r6ewbb-MuiToolbar-root"
        >
          <a
            class="MuiTypography-root MuiTypography-h6 MuiTypography-noWrap css-11mmdhf-MuiTypography-root"
            href="/"
          >
            JOBLY
          </a>
          <div
            class="MuiBox-root css-19aihql"
          >
            <button
              class="MuiButtonBase-root MuiButton-root MuiButton-text MuiButton-textPrimary MuiButton-sizeMedium MuiButton-textSizeMedium css-1q39md6-MuiButtonBase-root-MuiButton-root"
              tabindex="0"
              type="button"
            >
              <a
                href="/companies"
                style="text-decoration: none; color: white;"
              >
                companies
              </a>
              <span
                class="MuiTouchRipple-root css-8je8zh-MuiTouchRipple-root"
              />
            </button>
            <button
              class="MuiButtonBase-root MuiButton-root MuiButton-text MuiButton-textPrimary MuiButton-sizeMedium MuiButton-textSizeMedium css-1q39md6-MuiButtonBase-root-MuiButton-root"
              tabindex="0"
              type="button"
            >
              <a
                href="/jobs"
                style="text-decoration: none; color: white;"
              >
                jobs
              </a>
              <span
                class="MuiTouchRipple-root css-8je8zh-MuiTouchRipple-root"
              />
            </button>
          </div>
          <div
            class="MuiBox-root css-7ln23k"
          >
            <button
              class="MuiButtonBase-root MuiButton-root MuiButton-text MuiButton-textPrimary MuiButton-sizeMedium MuiButton-textSizeMedium css-is4nal-MuiButtonBase-root-MuiButton-root"
              tabindex="0"
              type="button"
            >
              <a
                href="/signup"
                style="text-decoration: none; color: white;"
              >
                signup
              </a>
              <span
                class="MuiTouchRipple-root css-8je8zh-MuiTouchRipple-root"
              />
            </button>
            <button
              class="MuiButtonBase-root MuiButton-root MuiButton-text MuiButton-textPrimary MuiButton-sizeMedium MuiButton-textSizeMedium css-is4nal-MuiButtonBase-root-MuiButton-root"
              tabindex="0"
              type="button"
            >
              <a
                href="/login"
                style="text-decoration: none; color: white;"
              >
                login
              </a>
              <span
                class="MuiTouchRipple-root css-8je8zh-MuiTouchRipple-root"
              />
            </button>
          </div>
        </div>
      </div>
    </header>
    <div
      class="MuiGrid-root MuiGrid-container MuiGrid-spacing-xs-2 MuiGrid-direction-xs-column css-iw00ie-MuiGrid-root"
    >
      <div
        class="MuiGrid-root MuiGrid-item css-13i4rnv-MuiGrid-root"
      >
        <h2
          class="MuiTypography-root MuiTypography-h2 css-10fld7o-MuiTypography-root"
        >
          JOBLY
        </h2>
      </div>
      <div
        class="MuiGrid-root MuiGrid-item css-13i4rnv-MuiGrid-root"
      >
        <h6
          class="MuiTypography-root MuiTypography-subtitle1 css-10wpov9-MuiTypography-root"
        >
          All the jobs in one, convenient place.
        </h6>
      </div>
      <div
        class="MuiGrid-root MuiGrid-item css-13i4rnv-MuiGrid-root"
      >
        <div
          class="MuiBox-root css-0"
        >
          <button
            class="MuiButtonBase-root MuiButton-root MuiButton-contained MuiButton-containedPrimary MuiButton-sizeMedium MuiButton-containedSizeMedium css-bh137t-MuiButtonBase-root-MuiButton-root"
            tabindex="0"
            type="button"
          >
            <a
              href="/signup"
              style="text-decoration: none; color: white;"
            >
              Sign Up
            </a>
            <span
              class="MuiTouchRipple-root css-8je8zh-MuiTouchRipple-root"
            />
          </button>
          <button
            class="MuiButtonBase-root MuiButton-root MuiButton-contained MuiButton-containedPrimary MuiButton-sizeMedium MuiButton-containedSizeMedium css-axpn69-MuiButtonBase-root-MuiButton-root"
            tabindex="0"
            type="button"
          >
            <a
              href="/login"
              style="text-decoration: none; color: white;"
            >
              LOGIN
            </a>
            <span
              class="MuiTouchRipple-root css-8je8zh-MuiTouchRipple-root"
            />
          </button>
        </div>
      </div>
    </div>
  </div>
</DocumentFragment>
`;
